2025-05-05T19:18:09.120+03:00  INFO 6890 --- [PartsWarehouseManager] [main] .p.PartsWarehouseManagerApplicationTests : Starting PartsWarehouseManagerApplicationTests using Java 17.0.15 with PID 6890 (started by just_a_simple_device in /home/just_a_simple_device/IdeaProjects/PartsWarehouseManager)
2025-05-05T19:18:09.123+03:00  INFO 6890 --- [PartsWarehouseManager] [main] .p.PartsWarehouseManagerApplicationTests : No active profile set, falling back to 1 default profile: "default"
2025-05-05T19:18:09.151+03:00 DEBUG 6890 --- [PartsWarehouseManager] [main] o.s.w.c.s.GenericWebApplicationContext   : Refreshing org.springframework.web.context.support.GenericWebApplicationContext@37af1f93
2025-05-05T19:18:09.788+03:00  INFO 6890 --- [PartsWarehouseManager] [main] .s.d.r.c.RepositoryConfigurationDelegate : Bootstrapping Spring Data JPA repositories in DEFAULT mode.
2025-05-05T19:18:09.835+03:00  INFO 6890 --- [PartsWarehouseManager] [main] .s.d.r.c.RepositoryConfigurationDelegate : Finished Spring Data repository scanning in 43 ms. Found 11 JPA repository interfaces.
2025-05-05T19:18:10.257+03:00  INFO 6890 --- [PartsWarehouseManager] [main] com.zaxxer.hikari.HikariDataSource       : HikariPool-1 - Starting...
2025-05-05T19:18:10.398+03:00  INFO 6890 --- [PartsWarehouseManager] [main] com.zaxxer.hikari.pool.HikariPool        : HikariPool-1 - Added connection com.mysql.cj.jdbc.ConnectionImpl@323efafe
2025-05-05T19:18:10.400+03:00  INFO 6890 --- [PartsWarehouseManager] [main] com.zaxxer.hikari.HikariDataSource       : HikariPool-1 - Start completed.
2025-05-05T19:18:10.484+03:00  INFO 6890 --- [PartsWarehouseManager] [main] o.hibernate.jpa.internal.util.LogHelper  : HHH000204: Processing PersistenceUnitInfo [name: default]
2025-05-05T19:18:10.536+03:00  INFO 6890 --- [PartsWarehouseManager] [main] org.hibernate.Version                    : HHH000412: Hibernate ORM core version 6.5.3.Final
2025-05-05T19:18:10.565+03:00  INFO 6890 --- [PartsWarehouseManager] [main] o.h.c.internal.RegionFactoryInitiator    : HHH000026: Second-level cache disabled
2025-05-05T19:18:10.798+03:00  INFO 6890 --- [PartsWarehouseManager] [main] o.s.o.j.p.SpringPersistenceUnitInfo      : No LoadTimeWeaver setup: ignoring JPA class transformer
2025-05-05T19:18:10.849+03:00  WARN 6890 --- [PartsWarehouseManager] [main] org.hibernate.orm.deprecation            : HHH90000025: MySQLDialect does not need to be specified explicitly using 'hibernate.dialect' (remove the property setting and it will be selected by default)
2025-05-05T19:18:11.590+03:00  INFO 6890 --- [PartsWarehouseManager] [main] o.h.e.t.j.p.i.JtaPlatformInitiator       : HHH000489: No JTA platform available (set 'hibernate.transaction.jta.platform' to enable JTA platform integration)
2025-05-05T19:18:11.620+03:00  INFO 6890 --- [PartsWarehouseManager] [main] j.LocalContainerEntityManagerFactoryBean : Initialized JPA EntityManagerFactory for persistence unit 'default'
2025-05-05T19:18:12.146+03:00 DEBUG 6890 --- [PartsWarehouseManager] [main] o.s.web.client.RestTemplate              : HTTP GET https://dev-03478268.okta.com/oauth2/default/.well-known/openid-configuration
2025-05-05T19:18:12.151+03:00 DEBUG 6890 --- [PartsWarehouseManager] [main] o.s.web.client.RestTemplate              : Accept=[application/json, application/*+json]
2025-05-05T19:18:12.392+03:00 DEBUG 6890 --- [PartsWarehouseManager] [main] o.s.web.client.RestTemplate              : Response 200 OK
2025-05-05T19:18:12.393+03:00 DEBUG 6890 --- [PartsWarehouseManager] [main] o.s.web.client.RestTemplate              : Reading to [java.util.Map<java.lang.String, java.lang.Object>]
2025-05-05T19:18:12.666+03:00 DEBUG 6890 --- [PartsWarehouseManager] [main] s.w.s.m.m.a.RequestMappingHandlerMapping : 6 mappings in 'requestMappingHandlerMapping'
2025-05-05T19:18:12.754+03:00 DEBUG 6890 --- [PartsWarehouseManager] [main] o.s.w.s.handler.SimpleUrlHandlerMapping  : Patterns [/webjars/**, /**] in 'resourceHandlerMapping'
2025-05-05T19:18:12.908+03:00  INFO 6890 --- [PartsWarehouseManager] [main] o.s.b.a.e.web.EndpointLinksResolver      : Exposing 1 endpoint beneath base path '/actuator'
2025-05-05T19:18:13.267+03:00 DEBUG 6890 --- [PartsWarehouseManager] [main] s.w.s.m.m.a.RequestMappingHandlerAdapter : ControllerAdvice beans: 0 @ModelAttribute, 0 @InitBinder, 1 RequestBodyAdvice, 1 ResponseBodyAdvice
2025-05-05T19:18:13.290+03:00 DEBUG 6890 --- [PartsWarehouseManager] [main] .m.m.a.ExceptionHandlerExceptionResolver : ControllerAdvice beans: 1 @ExceptionHandler, 1 ResponseBodyAdvice
2025-05-05T19:18:13.311+03:00 DEBUG 6890 --- [PartsWarehouseManager] [main] .m.m.a.ExceptionHandlerExceptionResolver : ControllerAdvice beans: 1 @ExceptionHandler, 0 ResponseBodyAdvice
2025-05-05T19:18:13.576+03:00  INFO 6890 --- [PartsWarehouseManager] [main] .p.PartsWarehouseManagerApplicationTests : Started PartsWarehouseManagerApplicationTests in 5.926 seconds (process running for 6.683)
2025-05-05T19:18:13.796+03:00  INFO 6890 --- [PartsWarehouseManager] [main] b.p.bootstrap.BootstrapData              : more than 1000 parts
2025-05-05T19:18:14.152+03:00 DEBUG 6890 --- [PartsWarehouseManager] [SpringApplicationShutdownHook] o.s.w.c.s.GenericWebApplicationContext   : Closing org.springframework.web.context.support.GenericWebApplicationContext@37af1f93, started on Mon May 05 19:18:09 EEST 2025
2025-05-05T19:18:14.157+03:00  INFO 6890 --- [PartsWarehouseManager] [SpringApplicationShutdownHook] j.LocalContainerEntityManagerFactoryBean : Closing JPA EntityManagerFactory for persistence unit 'default'
2025-05-05T19:18:14.159+03:00  INFO 6890 --- [PartsWarehouseManager] [SpringApplicationShutdownHook] com.zaxxer.hikari.HikariDataSource       : HikariPool-1 - Shutdown initiated...
2025-05-05T19:18:14.165+03:00  INFO 6890 --- [PartsWarehouseManager] [SpringApplicationShutdownHook] com.zaxxer.hikari.HikariDataSource       : HikariPool-1 - Shutdown completed.
2025-05-05T19:20:04.693+03:00  INFO 7801 --- [PartsWarehouseManager] [main] .p.PartsWarehouseManagerApplicationTests : Starting PartsWarehouseManagerApplicationTests using Java 17.0.15 with PID 7801 (started by just_a_simple_device in /home/just_a_simple_device/IdeaProjects/PartsWarehouseManager)
2025-05-05T19:20:04.694+03:00  INFO 7801 --- [PartsWarehouseManager] [main] .p.PartsWarehouseManagerApplicationTests : No active profile set, falling back to 1 default profile: "default"
2025-05-05T19:20:04.715+03:00 DEBUG 7801 --- [PartsWarehouseManager] [main] o.s.w.c.s.GenericWebApplicationContext   : Refreshing org.springframework.web.context.support.GenericWebApplicationContext@37af1f93
2025-05-05T19:20:05.222+03:00  INFO 7801 --- [PartsWarehouseManager] [main] .s.d.r.c.RepositoryConfigurationDelegate : Bootstrapping Spring Data JPA repositories in DEFAULT mode.
2025-05-05T19:20:05.267+03:00  INFO 7801 --- [PartsWarehouseManager] [main] .s.d.r.c.RepositoryConfigurationDelegate : Finished Spring Data repository scanning in 40 ms. Found 11 JPA repository interfaces.
2025-05-05T19:20:05.635+03:00  INFO 7801 --- [PartsWarehouseManager] [main] com.zaxxer.hikari.HikariDataSource       : HikariPool-1 - Starting...
2025-05-05T19:20:05.752+03:00  INFO 7801 --- [PartsWarehouseManager] [main] com.zaxxer.hikari.pool.HikariPool        : HikariPool-1 - Added connection com.mysql.cj.jdbc.ConnectionImpl@4ff074a0
2025-05-05T19:20:05.754+03:00  INFO 7801 --- [PartsWarehouseManager] [main] com.zaxxer.hikari.HikariDataSource       : HikariPool-1 - Start completed.
2025-05-05T19:20:05.826+03:00  INFO 7801 --- [PartsWarehouseManager] [main] o.hibernate.jpa.internal.util.LogHelper  : HHH000204: Processing PersistenceUnitInfo [name: default]
2025-05-05T19:20:05.850+03:00  INFO 7801 --- [PartsWarehouseManager] [main] org.hibernate.Version                    : HHH000412: Hibernate ORM core version 6.5.3.Final
2025-05-05T19:20:05.869+03:00  INFO 7801 --- [PartsWarehouseManager] [main] o.h.c.internal.RegionFactoryInitiator    : HHH000026: Second-level cache disabled
2025-05-05T19:20:06.040+03:00  INFO 7801 --- [PartsWarehouseManager] [main] o.s.o.j.p.SpringPersistenceUnitInfo      : No LoadTimeWeaver setup: ignoring JPA class transformer
2025-05-05T19:20:06.082+03:00  WARN 7801 --- [PartsWarehouseManager] [main] org.hibernate.orm.deprecation            : HHH90000025: MySQLDialect does not need to be specified explicitly using 'hibernate.dialect' (remove the property setting and it will be selected by default)
2025-05-05T19:20:06.739+03:00  INFO 7801 --- [PartsWarehouseManager] [main] o.h.e.t.j.p.i.JtaPlatformInitiator       : HHH000489: No JTA platform available (set 'hibernate.transaction.jta.platform' to enable JTA platform integration)
2025-05-05T19:20:06.766+03:00  INFO 7801 --- [PartsWarehouseManager] [main] j.LocalContainerEntityManagerFactoryBean : Initialized JPA EntityManagerFactory for persistence unit 'default'
2025-05-05T19:20:07.242+03:00 DEBUG 7801 --- [PartsWarehouseManager] [main] o.s.web.client.RestTemplate              : HTTP GET https://dev-03478268.okta.com/oauth2/default/.well-known/openid-configuration
2025-05-05T19:20:07.247+03:00 DEBUG 7801 --- [PartsWarehouseManager] [main] o.s.web.client.RestTemplate              : Accept=[application/json, application/*+json]
2025-05-05T19:20:07.496+03:00 DEBUG 7801 --- [PartsWarehouseManager] [main] o.s.web.client.RestTemplate              : Response 200 OK
2025-05-05T19:20:07.497+03:00 DEBUG 7801 --- [PartsWarehouseManager] [main] o.s.web.client.RestTemplate              : Reading to [java.util.Map<java.lang.String, java.lang.Object>]
2025-05-05T19:20:07.737+03:00 DEBUG 7801 --- [PartsWarehouseManager] [main] s.w.s.m.m.a.RequestMappingHandlerMapping : 6 mappings in 'requestMappingHandlerMapping'
2025-05-05T19:20:07.823+03:00 DEBUG 7801 --- [PartsWarehouseManager] [main] o.s.w.s.handler.SimpleUrlHandlerMapping  : Patterns [/webjars/**, /**] in 'resourceHandlerMapping'
2025-05-05T19:20:07.956+03:00  INFO 7801 --- [PartsWarehouseManager] [main] o.s.b.a.e.web.EndpointLinksResolver      : Exposing 1 endpoint beneath base path '/actuator'
2025-05-05T19:20:08.251+03:00 DEBUG 7801 --- [PartsWarehouseManager] [main] s.w.s.m.m.a.RequestMappingHandlerAdapter : ControllerAdvice beans: 0 @ModelAttribute, 0 @InitBinder, 1 RequestBodyAdvice, 1 ResponseBodyAdvice
2025-05-05T19:20:08.272+03:00 DEBUG 7801 --- [PartsWarehouseManager] [main] .m.m.a.ExceptionHandlerExceptionResolver : ControllerAdvice beans: 1 @ExceptionHandler, 1 ResponseBodyAdvice
2025-05-05T19:20:08.291+03:00 DEBUG 7801 --- [PartsWarehouseManager] [main] .m.m.a.ExceptionHandlerExceptionResolver : ControllerAdvice beans: 1 @ExceptionHandler, 0 ResponseBodyAdvice
2025-05-05T19:20:08.518+03:00  INFO 7801 --- [PartsWarehouseManager] [main] .p.PartsWarehouseManagerApplicationTests : Started PartsWarehouseManagerApplicationTests in 5.105 seconds (process running for 5.704)
2025-05-05T19:20:08.721+03:00  INFO 7801 --- [PartsWarehouseManager] [main] b.p.bootstrap.BootstrapData              : more than 1000 parts
2025-05-05T19:20:09.056+03:00 DEBUG 7801 --- [PartsWarehouseManager] [SpringApplicationShutdownHook] o.s.w.c.s.GenericWebApplicationContext   : Closing org.springframework.web.context.support.GenericWebApplicationContext@37af1f93, started on Mon May 05 19:20:04 EEST 2025
2025-05-05T19:20:09.061+03:00  INFO 7801 --- [PartsWarehouseManager] [SpringApplicationShutdownHook] j.LocalContainerEntityManagerFactoryBean : Closing JPA EntityManagerFactory for persistence unit 'default'
2025-05-05T19:20:09.063+03:00  INFO 7801 --- [PartsWarehouseManager] [SpringApplicationShutdownHook] com.zaxxer.hikari.HikariDataSource       : HikariPool-1 - Shutdown initiated...
2025-05-05T19:20:09.068+03:00  INFO 7801 --- [PartsWarehouseManager] [SpringApplicationShutdownHook] com.zaxxer.hikari.HikariDataSource       : HikariPool-1 - Shutdown completed.
2025-05-05T19:21:43.216+03:00  INFO 8387 --- [PartsWarehouseManager] [main] .p.PartsWarehouseManagerApplicationTests : Starting PartsWarehouseManagerApplicationTests using Java 17.0.15 with PID 8387 (started by just_a_simple_device in /home/just_a_simple_device/IdeaProjects/PartsWarehouseManager)
2025-05-05T19:21:43.217+03:00  INFO 8387 --- [PartsWarehouseManager] [main] .p.PartsWarehouseManagerApplicationTests : No active profile set, falling back to 1 default profile: "default"
2025-05-05T19:21:43.236+03:00 DEBUG 8387 --- [PartsWarehouseManager] [main] o.s.w.c.s.GenericWebApplicationContext   : Refreshing org.springframework.web.context.support.GenericWebApplicationContext@37af1f93
2025-05-05T19:21:43.754+03:00  INFO 8387 --- [PartsWarehouseManager] [main] .s.d.r.c.RepositoryConfigurationDelegate : Bootstrapping Spring Data JPA repositories in DEFAULT mode.
2025-05-05T19:21:43.800+03:00  INFO 8387 --- [PartsWarehouseManager] [main] .s.d.r.c.RepositoryConfigurationDelegate : Finished Spring Data repository scanning in 42 ms. Found 11 JPA repository interfaces.
2025-05-05T19:21:44.175+03:00  INFO 8387 --- [PartsWarehouseManager] [main] com.zaxxer.hikari.HikariDataSource       : HikariPool-1 - Starting...
2025-05-05T19:21:44.286+03:00  INFO 8387 --- [PartsWarehouseManager] [main] com.zaxxer.hikari.pool.HikariPool        : HikariPool-1 - Added connection com.mysql.cj.jdbc.ConnectionImpl@459e120b
2025-05-05T19:21:44.288+03:00  INFO 8387 --- [PartsWarehouseManager] [main] com.zaxxer.hikari.HikariDataSource       : HikariPool-1 - Start completed.
2025-05-05T19:21:44.358+03:00  INFO 8387 --- [PartsWarehouseManager] [main] o.hibernate.jpa.internal.util.LogHelper  : HHH000204: Processing PersistenceUnitInfo [name: default]
2025-05-05T19:21:44.383+03:00  INFO 8387 --- [PartsWarehouseManager] [main] org.hibernate.Version                    : HHH000412: Hibernate ORM core version 6.5.3.Final
2025-05-05T19:21:44.403+03:00  INFO 8387 --- [PartsWarehouseManager] [main] o.h.c.internal.RegionFactoryInitiator    : HHH000026: Second-level cache disabled
2025-05-05T19:21:44.574+03:00  INFO 8387 --- [PartsWarehouseManager] [main] o.s.o.j.p.SpringPersistenceUnitInfo      : No LoadTimeWeaver setup: ignoring JPA class transformer
2025-05-05T19:21:44.617+03:00  WARN 8387 --- [PartsWarehouseManager] [main] org.hibernate.orm.deprecation            : HHH90000025: MySQLDialect does not need to be specified explicitly using 'hibernate.dialect' (remove the property setting and it will be selected by default)
2025-05-05T19:21:45.326+03:00  INFO 8387 --- [PartsWarehouseManager] [main] o.h.e.t.j.p.i.JtaPlatformInitiator       : HHH000489: No JTA platform available (set 'hibernate.transaction.jta.platform' to enable JTA platform integration)
2025-05-05T19:21:45.353+03:00  INFO 8387 --- [PartsWarehouseManager] [main] j.LocalContainerEntityManagerFactoryBean : Initialized JPA EntityManagerFactory for persistence unit 'default'
2025-05-05T19:21:45.812+03:00 DEBUG 8387 --- [PartsWarehouseManager] [main] o.s.web.client.RestTemplate              : HTTP GET https://dev-03478268.okta.com/oauth2/default/.well-known/openid-configuration
2025-05-05T19:21:45.817+03:00 DEBUG 8387 --- [PartsWarehouseManager] [main] o.s.web.client.RestTemplate              : Accept=[application/json, application/*+json]
2025-05-05T19:21:46.056+03:00 DEBUG 8387 --- [PartsWarehouseManager] [main] o.s.web.client.RestTemplate              : Response 200 OK
2025-05-05T19:21:46.056+03:00 DEBUG 8387 --- [PartsWarehouseManager] [main] o.s.web.client.RestTemplate              : Reading to [java.util.Map<java.lang.String, java.lang.Object>]
2025-05-05T19:21:46.289+03:00 DEBUG 8387 --- [PartsWarehouseManager] [main] s.w.s.m.m.a.RequestMappingHandlerMapping : 6 mappings in 'requestMappingHandlerMapping'
2025-05-05T19:21:46.378+03:00 DEBUG 8387 --- [PartsWarehouseManager] [main] o.s.w.s.handler.SimpleUrlHandlerMapping  : Patterns [/webjars/**, /**] in 'resourceHandlerMapping'
2025-05-05T19:21:46.527+03:00  INFO 8387 --- [PartsWarehouseManager] [main] o.s.b.a.e.web.EndpointLinksResolver      : Exposing 1 endpoint beneath base path '/actuator'
2025-05-05T19:21:46.827+03:00 DEBUG 8387 --- [PartsWarehouseManager] [main] s.w.s.m.m.a.RequestMappingHandlerAdapter : ControllerAdvice beans: 0 @ModelAttribute, 0 @InitBinder, 1 RequestBodyAdvice, 1 ResponseBodyAdvice
2025-05-05T19:21:46.853+03:00 DEBUG 8387 --- [PartsWarehouseManager] [main] .m.m.a.ExceptionHandlerExceptionResolver : ControllerAdvice beans: 1 @ExceptionHandler, 1 ResponseBodyAdvice
2025-05-05T19:21:46.876+03:00 DEBUG 8387 --- [PartsWarehouseManager] [main] .m.m.a.ExceptionHandlerExceptionResolver : ControllerAdvice beans: 1 @ExceptionHandler, 0 ResponseBodyAdvice
2025-05-05T19:21:47.094+03:00  INFO 8387 --- [PartsWarehouseManager] [main] .p.PartsWarehouseManagerApplicationTests : Started PartsWarehouseManagerApplicationTests in 5.176 seconds (process running for 5.769)
2025-05-05T19:21:47.357+03:00  INFO 8387 --- [PartsWarehouseManager] [main] b.p.bootstrap.BootstrapData              : more than 1000 parts
2025-05-05T19:21:47.707+03:00 DEBUG 8387 --- [PartsWarehouseManager] [SpringApplicationShutdownHook] o.s.w.c.s.GenericWebApplicationContext   : Closing org.springframework.web.context.support.GenericWebApplicationContext@37af1f93, started on Mon May 05 19:21:43 EEST 2025
2025-05-05T19:21:47.712+03:00  INFO 8387 --- [PartsWarehouseManager] [SpringApplicationShutdownHook] j.LocalContainerEntityManagerFactoryBean : Closing JPA EntityManagerFactory for persistence unit 'default'
2025-05-05T19:21:47.714+03:00  INFO 8387 --- [PartsWarehouseManager] [SpringApplicationShutdownHook] com.zaxxer.hikari.HikariDataSource       : HikariPool-1 - Shutdown initiated...
2025-05-05T19:21:47.720+03:00  INFO 8387 --- [PartsWarehouseManager] [SpringApplicationShutdownHook] com.zaxxer.hikari.HikariDataSource       : HikariPool-1 - Shutdown completed.
2025-05-05T19:24:24.420+03:00  INFO 9143 --- [PartsWarehouseManager] [main] .p.PartsWarehouseManagerApplicationTests : Starting PartsWarehouseManagerApplicationTests using Java 17.0.15 with PID 9143 (started by root in /home/just_a_simple_device/IdeaProjects/PartsWarehouseManager)
2025-05-05T19:24:24.421+03:00  INFO 9143 --- [PartsWarehouseManager] [main] .p.PartsWarehouseManagerApplicationTests : No active profile set, falling back to 1 default profile: "default"
2025-05-05T19:24:24.441+03:00 DEBUG 9143 --- [PartsWarehouseManager] [main] o.s.w.c.s.GenericWebApplicationContext   : Refreshing org.springframework.web.context.support.GenericWebApplicationContext@37af1f93
2025-05-05T19:24:25.021+03:00  INFO 9143 --- [PartsWarehouseManager] [main] .s.d.r.c.RepositoryConfigurationDelegate : Bootstrapping Spring Data JPA repositories in DEFAULT mode.
2025-05-05T19:24:25.075+03:00  INFO 9143 --- [PartsWarehouseManager] [main] .s.d.r.c.RepositoryConfigurationDelegate : Finished Spring Data repository scanning in 49 ms. Found 11 JPA repository interfaces.
2025-05-05T19:24:25.460+03:00  INFO 9143 --- [PartsWarehouseManager] [main] com.zaxxer.hikari.HikariDataSource       : HikariPool-1 - Starting...
2025-05-05T19:24:25.578+03:00  INFO 9143 --- [PartsWarehouseManager] [main] com.zaxxer.hikari.pool.HikariPool        : HikariPool-1 - Added connection com.mysql.cj.jdbc.ConnectionImpl@4ae958b0
2025-05-05T19:24:25.579+03:00  INFO 9143 --- [PartsWarehouseManager] [main] com.zaxxer.hikari.HikariDataSource       : HikariPool-1 - Start completed.
2025-05-05T19:24:25.646+03:00  INFO 9143 --- [PartsWarehouseManager] [main] o.hibernate.jpa.internal.util.LogHelper  : HHH000204: Processing PersistenceUnitInfo [name: default]
2025-05-05T19:24:25.671+03:00  INFO 9143 --- [PartsWarehouseManager] [main] org.hibernate.Version                    : HHH000412: Hibernate ORM core version 6.5.3.Final
2025-05-05T19:24:25.690+03:00  INFO 9143 --- [PartsWarehouseManager] [main] o.h.c.internal.RegionFactoryInitiator    : HHH000026: Second-level cache disabled
2025-05-05T19:24:25.845+03:00  INFO 9143 --- [PartsWarehouseManager] [main] o.s.o.j.p.SpringPersistenceUnitInfo      : No LoadTimeWeaver setup: ignoring JPA class transformer
2025-05-05T19:24:25.888+03:00  WARN 9143 --- [PartsWarehouseManager] [main] org.hibernate.orm.deprecation            : HHH90000025: MySQLDialect does not need to be specified explicitly using 'hibernate.dialect' (remove the property setting and it will be selected by default)
2025-05-05T19:24:26.547+03:00  INFO 9143 --- [PartsWarehouseManager] [main] o.h.e.t.j.p.i.JtaPlatformInitiator       : HHH000489: No JTA platform available (set 'hibernate.transaction.jta.platform' to enable JTA platform integration)
2025-05-05T19:24:26.576+03:00  INFO 9143 --- [PartsWarehouseManager] [main] j.LocalContainerEntityManagerFactoryBean : Initialized JPA EntityManagerFactory for persistence unit 'default'
2025-05-05T19:24:27.022+03:00 DEBUG 9143 --- [PartsWarehouseManager] [main] o.s.web.client.RestTemplate              : HTTP GET https://dev-03478268.okta.com/oauth2/default/.well-known/openid-configuration
2025-05-05T19:24:27.027+03:00 DEBUG 9143 --- [PartsWarehouseManager] [main] o.s.web.client.RestTemplate              : Accept=[application/json, application/*+json]
2025-05-05T19:24:27.272+03:00 DEBUG 9143 --- [PartsWarehouseManager] [main] o.s.web.client.RestTemplate              : Response 200 OK
2025-05-05T19:24:27.272+03:00 DEBUG 9143 --- [PartsWarehouseManager] [main] o.s.web.client.RestTemplate              : Reading to [java.util.Map<java.lang.String, java.lang.Object>]
2025-05-05T19:24:27.491+03:00 DEBUG 9143 --- [PartsWarehouseManager] [main] s.w.s.m.m.a.RequestMappingHandlerMapping : 6 mappings in 'requestMappingHandlerMapping'
2025-05-05T19:24:27.572+03:00 DEBUG 9143 --- [PartsWarehouseManager] [main] o.s.w.s.handler.SimpleUrlHandlerMapping  : Patterns [/webjars/**, /**] in 'resourceHandlerMapping'
2025-05-05T19:24:27.702+03:00  INFO 9143 --- [PartsWarehouseManager] [main] o.s.b.a.e.web.EndpointLinksResolver      : Exposing 1 endpoint beneath base path '/actuator'
2025-05-05T19:24:27.972+03:00 DEBUG 9143 --- [PartsWarehouseManager] [main] s.w.s.m.m.a.RequestMappingHandlerAdapter : ControllerAdvice beans: 0 @ModelAttribute, 0 @InitBinder, 1 RequestBodyAdvice, 1 ResponseBodyAdvice
2025-05-05T19:24:27.998+03:00 DEBUG 9143 --- [PartsWarehouseManager] [main] .m.m.a.ExceptionHandlerExceptionResolver : ControllerAdvice beans: 1 @ExceptionHandler, 1 ResponseBodyAdvice
2025-05-05T19:24:28.018+03:00 DEBUG 9143 --- [PartsWarehouseManager] [main] .m.m.a.ExceptionHandlerExceptionResolver : ControllerAdvice beans: 1 @ExceptionHandler, 0 ResponseBodyAdvice
2025-05-05T19:24:28.247+03:00  INFO 9143 --- [PartsWarehouseManager] [main] .p.PartsWarehouseManagerApplicationTests : Started PartsWarehouseManagerApplicationTests in 5.085 seconds (process running for 5.684)
2025-05-05T19:24:28.437+03:00  INFO 9143 --- [PartsWarehouseManager] [main] b.p.bootstrap.BootstrapData              : more than 1000 parts
2025-05-05T19:24:28.790+03:00 DEBUG 9143 --- [PartsWarehouseManager] [SpringApplicationShutdownHook] o.s.w.c.s.GenericWebApplicationContext   : Closing org.springframework.web.context.support.GenericWebApplicationContext@37af1f93, started on Mon May 05 19:24:24 EEST 2025
2025-05-05T19:24:28.796+03:00  INFO 9143 --- [PartsWarehouseManager] [SpringApplicationShutdownHook] j.LocalContainerEntityManagerFactoryBean : Closing JPA EntityManagerFactory for persistence unit 'default'
2025-05-05T19:24:28.798+03:00  INFO 9143 --- [PartsWarehouseManager] [SpringApplicationShutdownHook] com.zaxxer.hikari.HikariDataSource       : HikariPool-1 - Shutdown initiated...
2025-05-05T19:24:28.805+03:00  INFO 9143 --- [PartsWarehouseManager] [SpringApplicationShutdownHook] com.zaxxer.hikari.HikariDataSource       : HikariPool-1 - Shutdown completed.
